[33m>[39m Building...
[32m√[39m Building...
[1mInitial chunk files[22m[2m | [22m[1mNames[22m                         [2m | [22m [1mRaw size[22m
[32mchunk-D5LPXPEO.js[39m  [2m | [22m[2m-[22m                             [2m | [22m[36m135.96 kB[39m[2m | [22m
[32mstyles.css[39m         [2m | [22m[2mstyles[22m                        [2m | [22m[36m112.42 kB[39m[2m | [22m
[32mmain.js[39m            [2m | [22m[2mmain[22m                          [2m | [22m [36m20.91 kB[39m[2m | [22m
[32mchunk-CZJLB7T5.js[39m  [2m | [22m[2m-[22m                             [2m | [22m  [36m1.08 kB[39m[2m | [22m

[1m [22m                  [2m | [22m[1mInitial total[22m                 [2m | [22m[1m270.37 kB[22m

[1mLazy chunk files[22m   [2m | [22m[1mNames[22m                         [2m | [22m [1mRaw size[22m
[32mchunk-GV23EBTO.js[39m  [2m | [22m[2mmovies-management-component[22m   [2m | [22m [36m25.12 kB[39m[2m | [22m
[32mchunk-MZ524T5P.js[39m  [2m | [22m[2mdashboard-component[22m           [2m | [22m [36m21.14 kB[39m[2m | [22m
[32mchunk-7N7ZO7NM.js[39m  [2m | [22m[2mlogin-component[22m               [2m | [22m [36m15.29 kB[39m[2m | [22m
[32mchunk-ZWMFGTWI.js[39m  [2m | [22m[2mtheaters-management-component[22m [2m | [22m [36m13.68 kB[39m[2m | [22m
[32mchunk-LGK7F4VE.js[39m  [2m | [22m[2mshowtimes-management-component[22m[2m | [22m  [36m3.78 kB[39m[2m | [22m
[32mchunk-SQXPMVPM.js[39m  [2m | [22m[2musers-management-component[22m    [2m | [22m  [36m3.65 kB[39m[2m | [22m

Application bundle generation complete. [8.339 seconds] - 2026-05-15T19:32:27.860Z

Watch mode enabled. Watching for file changes...
NOTE: Raw file sizes do not reflect development server per-request transformations.
[1m[31mAn unhandled exception occurred: Port 4201 is already in use
See "C:\Users\tuong\AppData\Local\Temp\ng-gdszbm\angular-errors.log" for further details.[39m[22m
E:\cinema\cinemafe\node_modules\rxjs\dist\cjs\internal\util\reportUnhandledError.js:13
            throw err;
            ^

Error: Port 4201 is already in use
    at Server.onError$1 (file:///E:/cinema/cinemafe/node_modules/vite/dist/node/chunks/config.js:14933:28)
    at Server.emit (node:events:524:28)
    at emitErrorNT (node:net:1948:8)
    at process.processTicksAndRejections (node:internal/process/task_queues:90:21)

Node.js v22.12.0
